2026-05-26 15:53:21 | INFO | EDA | === RUN START ===
2026-05-26 15:53:21 | INFO | EDA | project=Exploratory Data Analysis (EDA) - Penguins
2026-05-26 15:53:21 | INFO | EDA | repo_dir=datafun-04-notebooks
2026-05-26 15:53:21 | INFO | EDA | python=3.14.3
2026-05-26 15:53:21 | INFO | EDA | os=Windows 11
2026-05-26 15:53:21 | INFO | EDA | shell=powershell
2026-05-26 15:53:21 | INFO | EDA | cwd=.
2026-05-26 15:53:21 | INFO | EDA | github_actions=False
2026-05-26 15:53:21 | INFO | EDA | Section 1: Setup at the top of the file
2026-05-26 15:53:21 | INFO | EDA | Section 2: Load the data
2026-05-26 15:53:21 | INFO | EDA | Loading penguins dataset from seaborn
2026-05-26 15:53:22 | INFO | EDA | Data loaded: 344 rows, 7 columns
2026-05-26 15:53:22 | INFO | EDA | Section 3: Inspect data shape and basic structure
2026-05-26 15:53:22 | INFO | EDA | Inspecting first rows of data
2026-05-26 15:53:22 | DEBUG | EDA | 
  species     island  bill_length_mm  bill_depth_mm  flipper_length_mm  body_mass_g     sex
0  Adelie  Torgersen            39.1           18.7              181.0       3750.0    Male
1  Adelie  Torgersen            39.5           17.4              186.0       3800.0  Female
2  Adelie  Torgersen            40.3           18.0              195.0       3250.0  Female
3  Adelie  Torgersen             NaN            NaN                NaN          NaN     NaN
4  Adelie  Torgersen            36.7           19.3              193.0       3450.0  Female
2026-05-26 15:53:22 | INFO | EDA | Column names
2026-05-26 15:53:22 | DEBUG | EDA | ['species', 'island', 'bill_length_mm', 'bill_depth_mm', 'flipper_length_mm', 'body_mass_g', 'sex']
2026-05-26 15:53:22 | INFO | EDA | DataFrame info (types and non-null counts)
2026-05-26 15:53:22 | INFO | EDA | Dataset shape: 344 rows, 7 columns
2026-05-26 15:53:22 | INFO | EDA | Section 4: Check data quality
2026-05-26 15:53:22 | INFO | EDA | Building starter data dictionary
2026-05-26 15:53:22 | DEBUG | EDA | 
              column    dtype  missing_count  missing_pct
0            species      str              0         0.00
1             island      str              0         0.00
2     bill_length_mm  float64              2         0.58
3      bill_depth_mm  float64              2         0.58
4  flipper_length_mm  float64              2         0.58
5        body_mass_g  float64              2         0.58
6                sex      str             11         3.20
2026-05-26 15:53:22 | INFO | EDA | Checking missing values per column
2026-05-26 15:53:22 | DEBUG | EDA | 
sex                  11
bill_depth_mm         2
bill_length_mm        2
flipper_length_mm     2
body_mass_g           2
island                0
species               0
dtype: int64
2026-05-26 15:53:22 | INFO | EDA | Duplicate rows detected: 0
2026-05-26 15:53:22 | INFO | EDA | Basic sanity check for numeric columns
2026-05-26 15:53:22 | DEBUG | EDA | 
       bill_length_mm  bill_depth_mm  flipper_length_mm  body_mass_g
count      342.000000     342.000000         342.000000   342.000000
mean        43.921930      17.151170         200.915205  4201.754386
std          5.459584       1.974793          14.061714   801.954536
min         32.100000      13.100000         172.000000  2700.000000
25%         39.225000      15.600000         190.000000  3550.000000
50%         44.450000      17.300000         197.000000  4050.000000
75%         48.500000      18.700000         213.000000  4750.000000
max         59.600000      21.500000         231.000000  6300.000000
2026-05-26 15:53:22 | INFO | EDA | Section 5: Create a cleaned view for EDA
2026-05-26 15:53:22 | INFO | EDA | Creating cleaned view for EDA (dropping rows with key missing values)
2026-05-26 15:53:22 | INFO | EDA | Cleaned view shape: 342 rows, 7 columns
2026-05-26 15:53:22 | INFO | EDA | Section 6: Compute descriptive statistics for numeric columns
2026-05-26 15:53:22 | INFO | EDA | Computing overall descriptive statistics
2026-05-26 15:53:22 | DEBUG | EDA | 
                   count         mean         std     min       25%      50%     75%     max
bill_length_mm     342.0    43.921930    5.459584    32.1    39.225    44.45    48.5    59.6
bill_depth_mm      342.0    17.151170    1.974793    13.1    15.600    17.30    18.7    21.5
flipper_length_mm  342.0   200.915205   14.061714   172.0   190.000   197.00   213.0   231.0
body_mass_g        342.0  4201.754386  801.954536  2700.0  3550.000  4050.00  4750.0  6300.0
2026-05-26 15:53:22 | INFO | EDA | Computing descriptive statistics by species
2026-05-26 15:53:22 | DEBUG | EDA | 
          bill_length_mm                                  bill_depth_mm                                   \
                   count       mean       std   min   max         count       mean       std   min   max   
species                                                                                                    
Adelie               151  38.791391  2.663405  32.1  46.0           151  18.346358  1.216650  15.5  21.5   
Chinstrap             68  48.833824  3.339256  40.9  58.0            68  18.420588  1.135395  16.4  20.8   
Gentoo               123  47.504878  3.081857  40.9  59.6           123  14.982114  0.981220  13.1  17.3   

          flipper_length_mm                                     body_mass_g                                           
                      count        mean       std    min    max       count         mean         std     min     max  
species                                                                                                               
Adelie                  151  189.953642  6.539457  172.0  210.0         151  3700.662252  458.566126  2850.0  4775.0  
Chinstrap                68  195.823529  7.131894  178.0  212.0          68  3733.088235  384.335081  2700.0  4800.0  
Gentoo                  123  217.186992  6.484976  203.0  231.0         123  5076.016260  504.116237  3950.0  6300.0  
2026-05-26 15:53:22 | INFO | EDA | Section 7: Show correlation matrix for numeric columns
2026-05-26 15:53:22 | INFO | EDA | Computing correlation matrix for numeric columns
2026-05-26 15:53:22 | DEBUG | EDA | 
                   bill_length_mm  bill_depth_mm  flipper_length_mm  body_mass_g
bill_length_mm           1.000000      -0.235053           0.656181     0.595110
bill_depth_mm           -0.235053       1.000000          -0.583851    -0.471916
flipper_length_mm        0.656181      -0.583851           1.000000     0.871202
body_mass_g              0.595110      -0.471916           0.871202     1.000000
2026-05-26 15:53:22 | INFO | EDA | Section 8: Make plots
2026-05-26 15:53:22 | INFO | EDA | Creating scatter plot: flipper length vs bill length
2026-05-26 15:53:59 | INFO | EDA | EDA workflow complete
2026-05-26 15:53:59 | INFO | EDA | IMPORTANT: This script creates chart windows.
2026-05-26 15:53:59 | INFO | EDA | Close any chart windows and terminate this process with CTRL+c as needed.
2026-05-26 15:57:50 | INFO | EDA | === RUN START ===
2026-05-26 15:57:50 | INFO | EDA | project=Exploratory Data Analysis (EDA) - Penguins
2026-05-26 15:57:50 | INFO | EDA | repo_dir=datafun-04-notebooks
2026-05-26 15:57:50 | INFO | EDA | python=3.14.3
2026-05-26 15:57:50 | INFO | EDA | os=Windows 11
2026-05-26 15:57:50 | INFO | EDA | shell=powershell
2026-05-26 15:57:50 | INFO | EDA | cwd=.
2026-05-26 15:57:50 | INFO | EDA | github_actions=False
2026-05-26 15:57:50 | INFO | EDA | Section 1: Setup at the top of the file
2026-05-26 15:57:50 | INFO | EDA | Section 2: Load the data
2026-05-26 15:57:50 | INFO | EDA | Loading penguins dataset from seaborn
2026-05-26 15:57:50 | INFO | EDA | Data loaded: 344 rows, 7 columns
2026-05-26 15:57:50 | INFO | EDA | Section 3: Inspect data shape and basic structure
2026-05-26 15:57:50 | INFO | EDA | Inspecting first rows of data
2026-05-26 15:57:50 | DEBUG | EDA | 
  species     island  bill_length_mm  bill_depth_mm  flipper_length_mm  body_mass_g     sex
0  Adelie  Torgersen            39.1           18.7              181.0       3750.0    Male
1  Adelie  Torgersen            39.5           17.4              186.0       3800.0  Female
2  Adelie  Torgersen            40.3           18.0              195.0       3250.0  Female
3  Adelie  Torgersen             NaN            NaN                NaN          NaN     NaN
4  Adelie  Torgersen            36.7           19.3              193.0       3450.0  Female
2026-05-26 15:57:50 | INFO | EDA | Column names
2026-05-26 15:57:50 | DEBUG | EDA | ['species', 'island', 'bill_length_mm', 'bill_depth_mm', 'flipper_length_mm', 'body_mass_g', 'sex']
2026-05-26 15:57:50 | INFO | EDA | DataFrame info (types and non-null counts)
2026-05-26 15:57:50 | INFO | EDA | Dataset shape: 344 rows, 7 columns
2026-05-26 15:57:50 | INFO | EDA | Section 4: Check data quality
2026-05-26 15:57:50 | INFO | EDA | Building starter data dictionary
2026-05-26 15:57:50 | DEBUG | EDA | 
              column    dtype  missing_count  missing_pct
0            species      str              0         0.00
1             island      str              0         0.00
2     bill_length_mm  float64              2         0.58
3      bill_depth_mm  float64              2         0.58
4  flipper_length_mm  float64              2         0.58
5        body_mass_g  float64              2         0.58
6                sex      str             11         3.20
2026-05-26 15:57:50 | INFO | EDA | Checking missing values per column
2026-05-26 15:57:50 | DEBUG | EDA | 
sex                  11
bill_depth_mm         2
bill_length_mm        2
flipper_length_mm     2
body_mass_g           2
island                0
species               0
dtype: int64
2026-05-26 15:57:50 | INFO | EDA | Duplicate rows detected: 0
2026-05-26 15:57:50 | INFO | EDA | Basic sanity check for numeric columns
2026-05-26 15:57:50 | DEBUG | EDA | 
       bill_length_mm  bill_depth_mm  flipper_length_mm  body_mass_g
count      342.000000     342.000000         342.000000   342.000000
mean        43.921930      17.151170         200.915205  4201.754386
std          5.459584       1.974793          14.061714   801.954536
min         32.100000      13.100000         172.000000  2700.000000
25%         39.225000      15.600000         190.000000  3550.000000
50%         44.450000      17.300000         197.000000  4050.000000
75%         48.500000      18.700000         213.000000  4750.000000
max         59.600000      21.500000         231.000000  6300.000000
2026-05-26 15:57:50 | INFO | EDA | Section 5: Create a cleaned view for EDA
2026-05-26 15:57:50 | INFO | EDA | Creating cleaned view for EDA (dropping rows with key missing values)
2026-05-26 15:57:50 | INFO | EDA | Cleaned view shape: 342 rows, 7 columns
2026-05-26 15:57:50 | INFO | EDA | Section 6: Compute descriptive statistics for numeric columns
2026-05-26 15:57:50 | INFO | EDA | Computing overall descriptive statistics
2026-05-26 15:57:50 | DEBUG | EDA | 
                   count         mean         std     min       25%      50%     75%     max
bill_length_mm     342.0    43.921930    5.459584    32.1    39.225    44.45    48.5    59.6
bill_depth_mm      342.0    17.151170    1.974793    13.1    15.600    17.30    18.7    21.5
flipper_length_mm  342.0   200.915205   14.061714   172.0   190.000   197.00   213.0   231.0
body_mass_g        342.0  4201.754386  801.954536  2700.0  3550.000  4050.00  4750.0  6300.0
2026-05-26 15:57:50 | INFO | EDA | Computing descriptive statistics by species
2026-05-26 15:57:50 | DEBUG | EDA | 
          bill_length_mm                                  bill_depth_mm                                   \
                   count       mean       std   min   max         count       mean       std   min   max   
species                                                                                                    
Adelie               151  38.791391  2.663405  32.1  46.0           151  18.346358  1.216650  15.5  21.5   
Chinstrap             68  48.833824  3.339256  40.9  58.0            68  18.420588  1.135395  16.4  20.8   
Gentoo               123  47.504878  3.081857  40.9  59.6           123  14.982114  0.981220  13.1  17.3   

          flipper_length_mm                                     body_mass_g                                           
                      count        mean       std    min    max       count         mean         std     min     max  
species                                                                                                               
Adelie                  151  189.953642  6.539457  172.0  210.0         151  3700.662252  458.566126  2850.0  4775.0  
Chinstrap                68  195.823529  7.131894  178.0  212.0          68  3733.088235  384.335081  2700.0  4800.0  
Gentoo                  123  217.186992  6.484976  203.0  231.0         123  5076.016260  504.116237  3950.0  6300.0  
2026-05-26 15:57:50 | INFO | EDA | Section 7: Show correlation matrix for numeric columns
2026-05-26 15:57:50 | INFO | EDA | Computing correlation matrix for numeric columns
2026-05-26 15:57:50 | DEBUG | EDA | 
                   bill_length_mm  bill_depth_mm  flipper_length_mm  body_mass_g
bill_length_mm           1.000000      -0.235053           0.656181     0.595110
bill_depth_mm           -0.235053       1.000000          -0.583851    -0.471916
flipper_length_mm        0.656181      -0.583851           1.000000     0.871202
body_mass_g              0.595110      -0.471916           0.871202     1.000000
2026-05-26 15:57:50 | INFO | EDA | Section 8: Make plots
2026-05-26 15:57:50 | INFO | EDA | Creating scatter plot: flipper length vs bill length
2026-05-26 15:58:01 | INFO | EDA | EDA workflow complete
2026-05-26 15:58:01 | INFO | EDA | IMPORTANT: This script creates chart windows.
2026-05-26 15:58:01 | INFO | EDA | Close any chart windows and terminate this process with CTRL+c as needed.
2026-05-26 16:12:55 | INFO | EDA | === RUN START ===
2026-05-26 16:12:55 | INFO | EDA | project=Exploratory Data Analysis (EDA) - Penguins
2026-05-26 16:12:55 | INFO | EDA | repo_dir=datafun-04-notebooks
2026-05-26 16:12:55 | INFO | EDA | python=3.14.3
2026-05-26 16:12:55 | INFO | EDA | os=Windows 11
2026-05-26 16:12:55 | INFO | EDA | shell=powershell
2026-05-26 16:12:55 | INFO | EDA | cwd=.
2026-05-26 16:12:55 | INFO | EDA | github_actions=False
2026-05-26 16:12:55 | INFO | EDA | Section 1: Setup at the top of the file
2026-05-26 16:12:55 | INFO | EDA | Section 2: Load the data
2026-05-26 16:12:55 | INFO | EDA | Loading penguins dataset from seaborn
2026-05-26 16:12:55 | INFO | EDA | Data loaded: 344 rows, 7 columns
2026-05-26 16:12:55 | INFO | EDA | Section 3: Inspect data shape and basic structure
2026-05-26 16:12:55 | INFO | EDA | Inspecting first rows of data
2026-05-26 16:12:55 | DEBUG | EDA | 
  species     island  bill_length_mm  bill_depth_mm  flipper_length_mm  body_mass_g     sex
0  Adelie  Torgersen            39.1           18.7              181.0       3750.0    Male
1  Adelie  Torgersen            39.5           17.4              186.0       3800.0  Female
2  Adelie  Torgersen            40.3           18.0              195.0       3250.0  Female
3  Adelie  Torgersen             NaN            NaN                NaN          NaN     NaN
4  Adelie  Torgersen            36.7           19.3              193.0       3450.0  Female
2026-05-26 16:12:55 | INFO | EDA | Column names
2026-05-26 16:12:55 | DEBUG | EDA | ['species', 'island', 'bill_length_mm', 'bill_depth_mm', 'flipper_length_mm', 'body_mass_g', 'sex']
2026-05-26 16:12:55 | INFO | EDA | DataFrame info (types and non-null counts)
2026-05-26 16:12:55 | INFO | EDA | Dataset shape: 344 rows, 7 columns
2026-05-26 16:12:55 | INFO | EDA | Section 4: Check data quality
2026-05-26 16:12:55 | INFO | EDA | Building starter data dictionary
2026-05-26 16:12:55 | DEBUG | EDA | 
              column    dtype  missing_count  missing_pct
0            species      str              0         0.00
1             island      str              0         0.00
2     bill_length_mm  float64              2         0.58
3      bill_depth_mm  float64              2         0.58
4  flipper_length_mm  float64              2         0.58
5        body_mass_g  float64              2         0.58
6                sex      str             11         3.20
2026-05-26 16:12:55 | INFO | EDA | Checking missing values per column
2026-05-26 16:12:55 | DEBUG | EDA | 
sex                  11
bill_depth_mm         2
bill_length_mm        2
flipper_length_mm     2
body_mass_g           2
island                0
species               0
dtype: int64
2026-05-26 16:12:55 | INFO | EDA | Duplicate rows detected: 0
2026-05-26 16:12:55 | INFO | EDA | Basic sanity check for numeric columns
2026-05-26 16:12:55 | DEBUG | EDA | 
       bill_length_mm  bill_depth_mm  flipper_length_mm  body_mass_g
count      342.000000     342.000000         342.000000   342.000000
mean        43.921930      17.151170         200.915205  4201.754386
std          5.459584       1.974793          14.061714   801.954536
min         32.100000      13.100000         172.000000  2700.000000
25%         39.225000      15.600000         190.000000  3550.000000
50%         44.450000      17.300000         197.000000  4050.000000
75%         48.500000      18.700000         213.000000  4750.000000
max         59.600000      21.500000         231.000000  6300.000000
2026-05-26 16:12:55 | INFO | EDA | Section 5: Create a cleaned view for EDA
2026-05-26 16:12:55 | INFO | EDA | Creating cleaned view for EDA (dropping rows with key missing values)
2026-05-26 16:12:55 | INFO | EDA | Cleaned view shape: 342 rows, 7 columns
2026-05-26 16:12:55 | INFO | EDA | Section 6: Compute descriptive statistics for numeric columns
2026-05-26 16:12:55 | INFO | EDA | Computing overall descriptive statistics
2026-05-26 16:12:55 | DEBUG | EDA | 
                   count         mean         std     min       25%      50%     75%     max
bill_length_mm     342.0    43.921930    5.459584    32.1    39.225    44.45    48.5    59.6
bill_depth_mm      342.0    17.151170    1.974793    13.1    15.600    17.30    18.7    21.5
flipper_length_mm  342.0   200.915205   14.061714   172.0   190.000   197.00   213.0   231.0
body_mass_g        342.0  4201.754386  801.954536  2700.0  3550.000  4050.00  4750.0  6300.0
2026-05-26 16:12:55 | INFO | EDA | Computing descriptive statistics by species
2026-05-26 16:12:55 | DEBUG | EDA | 
          bill_length_mm                                  bill_depth_mm                                   \
                   count       mean       std   min   max         count       mean       std   min   max   
species                                                                                                    
Adelie               151  38.791391  2.663405  32.1  46.0           151  18.346358  1.216650  15.5  21.5   
Chinstrap             68  48.833824  3.339256  40.9  58.0            68  18.420588  1.135395  16.4  20.8   
Gentoo               123  47.504878  3.081857  40.9  59.6           123  14.982114  0.981220  13.1  17.3   

          flipper_length_mm                                     body_mass_g                                           
                      count        mean       std    min    max       count         mean         std     min     max  
species                                                                                                               
Adelie                  151  189.953642  6.539457  172.0  210.0         151  3700.662252  458.566126  2850.0  4775.0  
Chinstrap                68  195.823529  7.131894  178.0  212.0          68  3733.088235  384.335081  2700.0  4800.0  
Gentoo                  123  217.186992  6.484976  203.0  231.0         123  5076.016260  504.116237  3950.0  6300.0  
2026-05-26 16:12:55 | INFO | EDA | Section 7: Show correlation matrix for numeric columns
2026-05-26 16:12:55 | INFO | EDA | Computing correlation matrix for numeric columns
2026-05-26 16:12:55 | DEBUG | EDA | 
                   bill_length_mm  bill_depth_mm  flipper_length_mm  body_mass_g
bill_length_mm           1.000000      -0.235053           0.656181     0.595110
bill_depth_mm           -0.235053       1.000000          -0.583851    -0.471916
flipper_length_mm        0.656181      -0.583851           1.000000     0.871202
body_mass_g              0.595110      -0.471916           0.871202     1.000000
2026-05-26 16:12:55 | INFO | EDA | Section 8: Make plots
2026-05-26 16:12:55 | INFO | EDA | Creating scatter plot: flipper length vs bill length
2026-05-26 16:13:20 | INFO | EDA | EDA workflow complete
2026-05-26 16:13:20 | INFO | EDA | IMPORTANT: This script creates chart windows.
2026-05-26 16:13:20 | INFO | EDA | Close any chart windows and terminate this process with CTRL+c as needed.
2026-05-26 16:15:41 | INFO | EDA | === RUN START ===
2026-05-26 16:15:41 | INFO | EDA | project=Exploratory Data Analysis (EDA) - Penguins
2026-05-26 16:15:41 | INFO | EDA | repo_dir=datafun-04-notebooks
2026-05-26 16:15:41 | INFO | EDA | python=3.14.3
2026-05-26 16:15:41 | INFO | EDA | os=Windows 11
2026-05-26 16:15:41 | INFO | EDA | shell=powershell
2026-05-26 16:15:41 | INFO | EDA | cwd=.
2026-05-26 16:15:41 | INFO | EDA | github_actions=False
2026-05-26 16:15:41 | INFO | EDA | Section 1: Setup at the top of the file
2026-05-26 16:15:41 | INFO | EDA | Section 2: Load the data
2026-05-26 16:15:41 | INFO | EDA | Loading penguins dataset from seaborn
2026-05-26 16:15:41 | INFO | EDA | Data loaded: 344 rows, 7 columns
2026-05-26 16:15:41 | INFO | EDA | Section 3: Inspect data shape and basic structure
2026-05-26 16:15:41 | INFO | EDA | Inspecting first rows of data
2026-05-26 16:15:41 | DEBUG | EDA | 
  species     island  bill_length_mm  bill_depth_mm  flipper_length_mm  body_mass_g     sex
0  Adelie  Torgersen            39.1           18.7              181.0       3750.0    Male
1  Adelie  Torgersen            39.5           17.4              186.0       3800.0  Female
2  Adelie  Torgersen            40.3           18.0              195.0       3250.0  Female
3  Adelie  Torgersen             NaN            NaN                NaN          NaN     NaN
4  Adelie  Torgersen            36.7           19.3              193.0       3450.0  Female
2026-05-26 16:15:41 | INFO | EDA | Column names
2026-05-26 16:15:41 | DEBUG | EDA | ['species', 'island', 'bill_length_mm', 'bill_depth_mm', 'flipper_length_mm', 'body_mass_g', 'sex']
2026-05-26 16:15:41 | INFO | EDA | DataFrame info (types and non-null counts)
2026-05-26 16:15:41 | INFO | EDA | Dataset shape: 344 rows, 7 columns
2026-05-26 16:15:41 | INFO | EDA | Section 4: Check data quality
2026-05-26 16:15:41 | INFO | EDA | Building starter data dictionary
2026-05-26 16:15:41 | DEBUG | EDA | 
              column    dtype  missing_count  missing_pct
0            species      str              0         0.00
1             island      str              0         0.00
2     bill_length_mm  float64              2         0.58
3      bill_depth_mm  float64              2         0.58
4  flipper_length_mm  float64              2         0.58
5        body_mass_g  float64              2         0.58
6                sex      str             11         3.20
2026-05-26 16:15:41 | INFO | EDA | Checking missing values per column
2026-05-26 16:15:41 | DEBUG | EDA | 
sex                  11
bill_depth_mm         2
bill_length_mm        2
flipper_length_mm     2
body_mass_g           2
island                0
species               0
dtype: int64
2026-05-26 16:15:41 | INFO | EDA | Duplicate rows detected: 0
2026-05-26 16:15:41 | INFO | EDA | Basic sanity check for numeric columns
2026-05-26 16:15:41 | DEBUG | EDA | 
       bill_length_mm  bill_depth_mm  flipper_length_mm  body_mass_g
count      342.000000     342.000000         342.000000   342.000000
mean        43.921930      17.151170         200.915205  4201.754386
std          5.459584       1.974793          14.061714   801.954536
min         32.100000      13.100000         172.000000  2700.000000
25%         39.225000      15.600000         190.000000  3550.000000
50%         44.450000      17.300000         197.000000  4050.000000
75%         48.500000      18.700000         213.000000  4750.000000
max         59.600000      21.500000         231.000000  6300.000000
2026-05-26 16:15:41 | INFO | EDA | Section 5: Create a cleaned view for EDA
2026-05-26 16:15:41 | INFO | EDA | Creating cleaned view for EDA (dropping rows with key missing values)
2026-05-26 16:15:41 | INFO | EDA | Cleaned view shape: 342 rows, 7 columns
2026-05-26 16:15:41 | INFO | EDA | Section 6: Compute descriptive statistics for numeric columns
2026-05-26 16:15:41 | INFO | EDA | Computing overall descriptive statistics
2026-05-26 16:15:41 | DEBUG | EDA | 
                   count         mean         std     min       25%      50%     75%     max
bill_length_mm     342.0    43.921930    5.459584    32.1    39.225    44.45    48.5    59.6
bill_depth_mm      342.0    17.151170    1.974793    13.1    15.600    17.30    18.7    21.5
flipper_length_mm  342.0   200.915205   14.061714   172.0   190.000   197.00   213.0   231.0
body_mass_g        342.0  4201.754386  801.954536  2700.0  3550.000  4050.00  4750.0  6300.0
2026-05-26 16:15:41 | INFO | EDA | Computing descriptive statistics by species
2026-05-26 16:15:41 | DEBUG | EDA | 
          bill_length_mm                                  bill_depth_mm                                   \
                   count       mean       std   min   max         count       mean       std   min   max   
species                                                                                                    
Adelie               151  38.791391  2.663405  32.1  46.0           151  18.346358  1.216650  15.5  21.5   
Chinstrap             68  48.833824  3.339256  40.9  58.0            68  18.420588  1.135395  16.4  20.8   
Gentoo               123  47.504878  3.081857  40.9  59.6           123  14.982114  0.981220  13.1  17.3   

          flipper_length_mm                                     body_mass_g                                           
                      count        mean       std    min    max       count         mean         std     min     max  
species                                                                                                               
Adelie                  151  189.953642  6.539457  172.0  210.0         151  3700.662252  458.566126  2850.0  4775.0  
Chinstrap                68  195.823529  7.131894  178.0  212.0          68  3733.088235  384.335081  2700.0  4800.0  
Gentoo                  123  217.186992  6.484976  203.0  231.0         123  5076.016260  504.116237  3950.0  6300.0  
2026-05-26 16:15:41 | INFO | EDA | Section 7: Show correlation matrix for numeric columns
2026-05-26 16:15:41 | INFO | EDA | Computing correlation matrix for numeric columns
2026-05-26 16:15:41 | DEBUG | EDA | 
                   bill_length_mm  bill_depth_mm  flipper_length_mm  body_mass_g
bill_length_mm           1.000000      -0.235053           0.656181     0.595110
bill_depth_mm           -0.235053       1.000000          -0.583851    -0.471916
flipper_length_mm        0.656181      -0.583851           1.000000     0.871202
body_mass_g              0.595110      -0.471916           0.871202     1.000000
2026-05-26 16:15:41 | INFO | EDA | Section 8: Make plots
2026-05-26 16:15:41 | INFO | EDA | Creating scatter plot: flipper length vs bill length
2026-05-26 16:16:11 | INFO | EDA | EDA workflow complete
2026-05-26 16:16:11 | INFO | EDA | IMPORTANT: This script creates chart windows.
2026-05-26 16:16:11 | INFO | EDA | Close any chart windows and terminate this process with CTRL+c as needed.
2026-05-26 16:24:13 | INFO | EDA | Loading penguins dataset from seaborn
2026-05-26 16:24:13 | INFO | EDA | Data loaded: 344 rows, 7 columns
2026-05-26 16:24:13 | INFO | EDA | Loading penguins dataset from seaborn
2026-05-26 16:24:13 | INFO | EDA | Data loaded: 344 rows, 7 columns
2026-05-26 16:24:13 | INFO | EDA | Loading penguins dataset from seaborn
2026-05-26 16:24:13 | INFO | EDA | Data loaded: 344 rows, 7 columns
2026-05-26 16:24:13 | INFO | EDA | Loading penguins dataset from seaborn
2026-05-26 16:24:13 | INFO | EDA | Data loaded: 344 rows, 7 columns
2026-05-26 16:24:13 | INFO | EDA | Creating cleaned view for EDA (dropping rows with key missing values)
2026-05-26 16:24:13 | INFO | EDA | Cleaned view shape: 342 rows, 7 columns
2026-05-26 16:24:13 | INFO | EDA | Loading penguins dataset from seaborn
2026-05-26 16:24:13 | INFO | EDA | Data loaded: 344 rows, 7 columns
2026-05-26 16:24:13 | INFO | EDA | Creating cleaned view for EDA (dropping rows with key missing values)
2026-05-26 16:24:13 | INFO | EDA | Cleaned view shape: 342 rows, 7 columns
2026-05-26 16:24:13 | INFO | EDA | Computing correlation matrix for numeric columns
2026-05-26 16:24:13 | DEBUG | EDA | 
                   bill_length_mm  bill_depth_mm  flipper_length_mm  body_mass_g
bill_length_mm           1.000000      -0.235053           0.656181     0.595110
bill_depth_mm           -0.235053       1.000000          -0.583851    -0.471916
flipper_length_mm        0.656181      -0.583851           1.000000     0.871202
body_mass_g              0.595110      -0.471916           0.871202     1.000000
2026-05-26 16:24:13 | INFO | EDA | Loading penguins dataset from seaborn
2026-05-26 16:24:13 | INFO | EDA | Data loaded: 344 rows, 7 columns
2026-05-26 16:24:13 | INFO | EDA | Creating cleaned view for EDA (dropping rows with key missing values)
2026-05-26 16:24:14 | INFO | EDA | Cleaned view shape: 342 rows, 7 columns
2026-05-26 16:24:14 | INFO | EDA | Computing correlation matrix for numeric columns
2026-05-26 16:24:14 | DEBUG | EDA | 
                   bill_length_mm  bill_depth_mm  flipper_length_mm  body_mass_g
bill_length_mm           1.000000      -0.235053           0.656181     0.595110
bill_depth_mm           -0.235053       1.000000          -0.583851    -0.471916
flipper_length_mm        0.656181      -0.583851           1.000000     0.871202
body_mass_g              0.595110      -0.471916           0.871202     1.000000
2026-05-26 16:46:00 | INFO | EDA | Loading penguins dataset from seaborn
2026-05-26 16:46:00 | INFO | EDA | Data loaded: 344 rows, 7 columns
2026-05-26 16:46:00 | INFO | EDA | Loading penguins dataset from seaborn
2026-05-26 16:46:00 | INFO | EDA | Data loaded: 344 rows, 7 columns
2026-05-26 16:46:00 | INFO | EDA | Loading penguins dataset from seaborn
2026-05-26 16:46:00 | INFO | EDA | Data loaded: 344 rows, 7 columns
2026-05-26 16:46:00 | INFO | EDA | Loading penguins dataset from seaborn
2026-05-26 16:46:00 | INFO | EDA | Data loaded: 344 rows, 7 columns
2026-05-26 16:46:00 | INFO | EDA | Creating cleaned view for EDA (dropping rows with key missing values)
2026-05-26 16:46:00 | INFO | EDA | Cleaned view shape: 342 rows, 7 columns
2026-05-26 16:46:00 | INFO | EDA | Loading penguins dataset from seaborn
2026-05-26 16:46:00 | INFO | EDA | Data loaded: 344 rows, 7 columns
2026-05-26 16:46:00 | INFO | EDA | Creating cleaned view for EDA (dropping rows with key missing values)
2026-05-26 16:46:00 | INFO | EDA | Cleaned view shape: 342 rows, 7 columns
2026-05-26 16:46:00 | INFO | EDA | Computing correlation matrix for numeric columns
2026-05-26 16:46:00 | DEBUG | EDA | 
                   bill_length_mm  bill_depth_mm  flipper_length_mm  body_mass_g
bill_length_mm           1.000000      -0.235053           0.656181     0.595110
bill_depth_mm           -0.235053       1.000000          -0.583851    -0.471916
flipper_length_mm        0.656181      -0.583851           1.000000     0.871202
body_mass_g              0.595110      -0.471916           0.871202     1.000000
2026-05-26 16:46:00 | INFO | EDA | Loading penguins dataset from seaborn
2026-05-26 16:46:00 | INFO | EDA | Data loaded: 344 rows, 7 columns
2026-05-26 16:46:00 | INFO | EDA | Creating cleaned view for EDA (dropping rows with key missing values)
2026-05-26 16:46:00 | INFO | EDA | Cleaned view shape: 342 rows, 7 columns
2026-05-26 16:46:00 | INFO | EDA | Computing correlation matrix for numeric columns
2026-05-26 16:46:00 | DEBUG | EDA | 
                   bill_length_mm  bill_depth_mm  flipper_length_mm  body_mass_g
bill_length_mm           1.000000      -0.235053           0.656181     0.595110
bill_depth_mm           -0.235053       1.000000          -0.583851    -0.471916
flipper_length_mm        0.656181      -0.583851           1.000000     0.871202
body_mass_g              0.595110      -0.471916           0.871202     1.000000
2026-05-28 18:08:45 | INFO | EDA | === RUN START ===
2026-05-28 18:08:45 | INFO | EDA | project=Exploratory Data Analysis (EDA) - Penguins
2026-05-28 18:08:45 | INFO | EDA | repo_dir=datafun-04-notebooks
2026-05-28 18:08:45 | INFO | EDA | python=3.14.3
2026-05-28 18:08:45 | INFO | EDA | os=Windows 11
2026-05-28 18:08:45 | INFO | EDA | shell=powershell
2026-05-28 18:08:45 | INFO | EDA | cwd=.
2026-05-28 18:08:45 | INFO | EDA | github_actions=False
2026-05-28 18:08:45 | INFO | EDA | Section 1: Setup at the top of the file
2026-05-28 18:08:45 | INFO | EDA | Section 2: Load the data
2026-05-28 18:08:45 | INFO | EDA | Loading penguins dataset from seaborn
2026-05-28 18:08:45 | INFO | EDA | Data loaded: 344 rows, 7 columns
2026-05-28 18:08:45 | INFO | EDA | Section 3: Inspect data shape and basic structure
2026-05-28 18:08:45 | INFO | EDA | Inspecting first rows of data
2026-05-28 18:08:45 | DEBUG | EDA | 
  species     island  bill_length_mm  bill_depth_mm  flipper_length_mm  body_mass_g     sex
0  Adelie  Torgersen            39.1           18.7              181.0       3750.0    Male
1  Adelie  Torgersen            39.5           17.4              186.0       3800.0  Female
2  Adelie  Torgersen            40.3           18.0              195.0       3250.0  Female
3  Adelie  Torgersen             NaN            NaN                NaN          NaN     NaN
4  Adelie  Torgersen            36.7           19.3              193.0       3450.0  Female
2026-05-28 18:08:45 | INFO | EDA | Column names
2026-05-28 18:08:45 | DEBUG | EDA | ['species', 'island', 'bill_length_mm', 'bill_depth_mm', 'flipper_length_mm', 'body_mass_g', 'sex']
2026-05-28 18:08:45 | INFO | EDA | DataFrame info (types and non-null counts)
2026-05-28 18:08:45 | INFO | EDA | Dataset shape: 344 rows, 7 columns
2026-05-28 18:08:45 | INFO | EDA | Section 4: Check data quality
2026-05-28 18:08:45 | INFO | EDA | Building starter data dictionary
2026-05-28 18:08:45 | DEBUG | EDA | 
              column    dtype  missing_count  missing_pct
0            species      str              0         0.00
1             island      str              0         0.00
2     bill_length_mm  float64              2         0.58
3      bill_depth_mm  float64              2         0.58
4  flipper_length_mm  float64              2         0.58
5        body_mass_g  float64              2         0.58
6                sex      str             11         3.20
2026-05-28 18:08:45 | INFO | EDA | Checking missing values per column
2026-05-28 18:08:45 | DEBUG | EDA | 
sex                  11
bill_depth_mm         2
bill_length_mm        2
flipper_length_mm     2
body_mass_g           2
island                0
species               0
dtype: int64
2026-05-28 18:08:45 | INFO | EDA | Duplicate rows detected: 0
2026-05-28 18:08:45 | INFO | EDA | Basic sanity check for numeric columns
2026-05-28 18:08:45 | DEBUG | EDA | 
       bill_length_mm  bill_depth_mm  flipper_length_mm  body_mass_g
count      342.000000     342.000000         342.000000   342.000000
mean        43.921930      17.151170         200.915205  4201.754386
std          5.459584       1.974793          14.061714   801.954536
min         32.100000      13.100000         172.000000  2700.000000
25%         39.225000      15.600000         190.000000  3550.000000
50%         44.450000      17.300000         197.000000  4050.000000
75%         48.500000      18.700000         213.000000  4750.000000
max         59.600000      21.500000         231.000000  6300.000000
2026-05-28 18:08:45 | INFO | EDA | Section 5: Create a cleaned view for EDA
2026-05-28 18:08:45 | INFO | EDA | Creating cleaned view for EDA (dropping rows with key missing values)
2026-05-28 18:08:45 | INFO | EDA | Cleaned view shape: 342 rows, 7 columns
2026-05-28 18:08:45 | INFO | EDA | Section 5b: Add derived features
2026-05-28 18:08:45 | INFO | EDA | Derived field added: body_size_category
2026-05-28 18:08:45 | INFO | EDA | Derived field added: mass_vs_species_avg
2026-05-28 18:08:45 | INFO | EDA | Section 6: Compute descriptive statistics for numeric columns
2026-05-28 18:08:45 | INFO | EDA | Computing overall descriptive statistics
2026-05-28 18:08:45 | DEBUG | EDA | 
                   count         mean         std     min       25%      50%     75%     max
bill_length_mm     342.0    43.921930    5.459584    32.1    39.225    44.45    48.5    59.6
bill_depth_mm      342.0    17.151170    1.974793    13.1    15.600    17.30    18.7    21.5
flipper_length_mm  342.0   200.915205   14.061714   172.0   190.000   197.00   213.0   231.0
body_mass_g        342.0  4201.754386  801.954536  2700.0  3550.000  4050.00  4750.0  6300.0
2026-05-28 18:08:45 | INFO | EDA | Computing descriptive statistics by species
2026-05-28 18:08:45 | DEBUG | EDA | 
          bill_length_mm                                  bill_depth_mm                                   \
                   count       mean       std   min   max         count       mean       std   min   max   
species                                                                                                    
Adelie               151  38.791391  2.663405  32.1  46.0           151  18.346358  1.216650  15.5  21.5   
Chinstrap             68  48.833824  3.339256  40.9  58.0            68  18.420588  1.135395  16.4  20.8   
Gentoo               123  47.504878  3.081857  40.9  59.6           123  14.982114  0.981220  13.1  17.3   

          flipper_length_mm                                     body_mass_g                                           
                      count        mean       std    min    max       count         mean         std     min     max  
species                                                                                                               
Adelie                  151  189.953642  6.539457  172.0  210.0         151  3700.662252  458.566126  2850.0  4775.0  
Chinstrap                68  195.823529  7.131894  178.0  212.0          68  3733.088235  384.335081  2700.0  4800.0  
Gentoo                  123  217.186992  6.484976  203.0  231.0         123  5076.016260  504.116237  3950.0  6300.0  
2026-05-28 18:08:45 | INFO | EDA | Section 7: Show correlation matrix for numeric columns
2026-05-28 18:08:45 | INFO | EDA | Computing correlation matrix for numeric columns
2026-05-28 18:08:45 | DEBUG | EDA | 
                   bill_length_mm  bill_depth_mm  flipper_length_mm  body_mass_g
bill_length_mm           1.000000      -0.235053           0.656181     0.595110
bill_depth_mm           -0.235053       1.000000          -0.583851    -0.471916
flipper_length_mm        0.656181      -0.583851           1.000000     0.871202
body_mass_g              0.595110      -0.471916           0.871202     1.000000
2026-05-28 18:08:45 | INFO | EDA | Section 8: Make plots
2026-05-28 18:08:45 | INFO | EDA | Creating scatter plot: flipper length vs bill length
2026-05-28 18:08:54 | INFO | EDA | EDA workflow complete
2026-05-28 18:08:54 | INFO | EDA | IMPORTANT: This script creates chart windows.
2026-05-28 18:08:54 | INFO | EDA | Close any chart windows and terminate this process with CTRL+c as needed.
2026-05-29 19:32:20 | INFO | EDA | === RUN START ===
2026-05-29 19:32:20 | INFO | EDA | project=Exploratory Data Analysis (EDA) - Tips Dataset
2026-05-29 19:32:20 | INFO | EDA | repo_dir=datafun-04-notebooks
2026-05-29 19:32:20 | INFO | EDA | python=3.14.3
2026-05-29 19:32:20 | INFO | EDA | os=Windows 11
2026-05-29 19:32:20 | INFO | EDA | shell=powershell
2026-05-29 19:32:20 | INFO | EDA | cwd=.
2026-05-29 19:32:20 | INFO | EDA | github_actions=False
2026-05-29 19:32:20 | INFO | EDA | Section 1: Setup at the top of the file
2026-05-29 19:32:20 | INFO | EDA | Section 2: Load the data
2026-05-29 19:32:20 | INFO | EDA | Loading tips dataset from seaborn
2026-05-29 19:32:20 | INFO | EDA | Data loaded: 244 rows, 7 columns
2026-05-29 19:32:20 | INFO | EDA | Section 3: Inspect data shape and basic structure
2026-05-29 19:32:20 | INFO | EDA | Inspecting first rows of data
2026-05-29 19:32:20 | DEBUG | EDA | 
   total_bill   tip     sex smoker  day    time  size
0       16.99  1.01  Female     No  Sun  Dinner     2
1       10.34  1.66    Male     No  Sun  Dinner     3
2       21.01  3.50    Male     No  Sun  Dinner     3
3       23.68  3.31    Male     No  Sun  Dinner     2
4       24.59  3.61  Female     No  Sun  Dinner     4
2026-05-29 19:32:20 | INFO | EDA | Column names
2026-05-29 19:32:20 | DEBUG | EDA | ['total_bill', 'tip', 'sex', 'smoker', 'day', 'time', 'size']
2026-05-29 19:32:20 | INFO | EDA | DataFrame info (types and non-null counts)
2026-05-29 19:32:20 | INFO | EDA | Dataset shape: 244 rows, 7 columns
2026-05-29 19:32:20 | INFO | EDA | Section 4: Check data quality
2026-05-29 19:32:20 | INFO | EDA | Building starter data dictionary
2026-05-29 19:32:20 | DEBUG | EDA | 
       column     dtype  missing_count  missing_pct
0  total_bill   float64              0          0.0
1         tip   float64              0          0.0
2         sex  category              0          0.0
3      smoker  category              0          0.0
4         day  category              0          0.0
5        time  category              0          0.0
6        size     int64              0          0.0
2026-05-29 19:32:20 | INFO | EDA | Checking missing values per column
2026-05-29 19:32:20 | DEBUG | EDA | 
total_bill    0
tip           0
sex           0
smoker        0
day           0
time          0
size          0
dtype: int64
2026-05-29 19:32:20 | INFO | EDA | Duplicate rows detected: 1
2026-05-29 19:32:20 | INFO | EDA | Basic sanity check for numeric columns
2026-05-29 19:37:55 | INFO | EDA | === RUN START ===
2026-05-29 19:37:55 | INFO | EDA | project=Exploratory Data Analysis (EDA) - Tips Dataset
2026-05-29 19:37:55 | INFO | EDA | repo_dir=datafun-04-notebooks
2026-05-29 19:37:55 | INFO | EDA | python=3.14.3
2026-05-29 19:37:55 | INFO | EDA | os=Windows 11
2026-05-29 19:37:55 | INFO | EDA | shell=powershell
2026-05-29 19:37:55 | INFO | EDA | cwd=.
2026-05-29 19:37:55 | INFO | EDA | github_actions=False
2026-05-29 19:37:55 | INFO | EDA | Section 1: Setup at the top of the file
2026-05-29 19:37:55 | INFO | EDA | Section 2: Load the data
2026-05-29 19:37:55 | INFO | EDA | Loading tips dataset from seaborn
2026-05-29 19:37:55 | INFO | EDA | Data loaded: 244 rows, 7 columns
2026-05-29 19:37:55 | INFO | EDA | Section 3: Inspect data shape and basic structure
2026-05-29 19:37:55 | INFO | EDA | Inspecting first rows of data
2026-05-29 19:37:55 | DEBUG | EDA | 
   total_bill   tip     sex smoker  day    time  size
0       16.99  1.01  Female     No  Sun  Dinner     2
1       10.34  1.66    Male     No  Sun  Dinner     3
2       21.01  3.50    Male     No  Sun  Dinner     3
3       23.68  3.31    Male     No  Sun  Dinner     2
4       24.59  3.61  Female     No  Sun  Dinner     4
2026-05-29 19:37:55 | INFO | EDA | Column names
2026-05-29 19:37:55 | DEBUG | EDA | ['total_bill', 'tip', 'sex', 'smoker', 'day', 'time', 'size']
2026-05-29 19:37:55 | INFO | EDA | DataFrame info (types and non-null counts)
2026-05-29 19:37:55 | INFO | EDA | Dataset shape: 244 rows, 7 columns
2026-05-29 19:37:55 | INFO | EDA | Section 4: Check data quality
2026-05-29 19:37:55 | INFO | EDA | Building starter data dictionary
2026-05-29 19:37:55 | DEBUG | EDA | 
       column     dtype  missing_count  missing_pct
0  total_bill   float64              0          0.0
1         tip   float64              0          0.0
2         sex  category              0          0.0
3      smoker  category              0          0.0
4         day  category              0          0.0
5        time  category              0          0.0
6        size     int64              0          0.0
2026-05-29 19:37:55 | INFO | EDA | Checking missing values per column
2026-05-29 19:37:55 | DEBUG | EDA | 
total_bill    0
tip           0
sex           0
smoker        0
day           0
time          0
size          0
dtype: int64
2026-05-29 19:37:55 | INFO | EDA | Duplicate rows detected: 1
2026-05-29 19:37:55 | INFO | EDA | Basic sanity check for numeric columns
2026-05-29 19:37:55 | DEBUG | EDA | 
       total_bill         tip        size
count  244.000000  244.000000  244.000000
mean    19.785943    2.998279    2.569672
std      8.902412    1.383638    0.951100
min      3.070000    1.000000    1.000000
25%     13.347500    2.000000    2.000000
50%     17.795000    2.900000    2.000000
75%     24.127500    3.562500    3.000000
max     50.810000   10.000000    6.000000
2026-05-29 19:37:55 | INFO | EDA | Section 5: Create a cleaned view for EDA
2026-05-29 19:37:55 | INFO | EDA | Creating cleaned view for EDA (dropping rows with key missing values + duplicates)
2026-05-29 19:39:15 | INFO | EDA | === RUN START ===
2026-05-29 19:39:15 | INFO | EDA | project=Exploratory Data Analysis (EDA) - Tips Dataset
2026-05-29 19:39:15 | INFO | EDA | repo_dir=datafun-04-notebooks
2026-05-29 19:39:15 | INFO | EDA | python=3.14.3
2026-05-29 19:39:15 | INFO | EDA | os=Windows 11
2026-05-29 19:39:15 | INFO | EDA | shell=powershell
2026-05-29 19:39:15 | INFO | EDA | cwd=.
2026-05-29 19:39:15 | INFO | EDA | github_actions=False
2026-05-29 19:39:15 | INFO | EDA | Section 1: Setup at the top of the file
2026-05-29 19:39:15 | INFO | EDA | Section 2: Load the data
2026-05-29 19:39:15 | INFO | EDA | Loading tips dataset from seaborn
2026-05-29 19:39:15 | INFO | EDA | Data loaded: 244 rows, 7 columns
2026-05-29 19:39:15 | INFO | EDA | Section 3: Inspect data shape and basic structure
2026-05-29 19:39:15 | INFO | EDA | Inspecting first rows of data
2026-05-29 19:39:15 | DEBUG | EDA | 
   total_bill   tip     sex smoker  day    time  size
0       16.99  1.01  Female     No  Sun  Dinner     2
1       10.34  1.66    Male     No  Sun  Dinner     3
2       21.01  3.50    Male     No  Sun  Dinner     3
3       23.68  3.31    Male     No  Sun  Dinner     2
4       24.59  3.61  Female     No  Sun  Dinner     4
2026-05-29 19:39:15 | INFO | EDA | Column names
2026-05-29 19:39:15 | DEBUG | EDA | ['total_bill', 'tip', 'sex', 'smoker', 'day', 'time', 'size']
2026-05-29 19:39:15 | INFO | EDA | DataFrame info (types and non-null counts)
2026-05-29 19:39:15 | INFO | EDA | Dataset shape: 244 rows, 7 columns
2026-05-29 19:39:15 | INFO | EDA | Section 4: Check data quality
2026-05-29 19:39:15 | INFO | EDA | Building starter data dictionary
2026-05-29 19:39:15 | DEBUG | EDA | 
       column     dtype  missing_count  missing_pct
0  total_bill   float64              0          0.0
1         tip   float64              0          0.0
2         sex  category              0          0.0
3      smoker  category              0          0.0
4         day  category              0          0.0
5        time  category              0          0.0
6        size     int64              0          0.0
2026-05-29 19:39:15 | INFO | EDA | Checking missing values per column
2026-05-29 19:39:15 | DEBUG | EDA | 
total_bill    0
tip           0
sex           0
smoker        0
day           0
time          0
size          0
dtype: int64
2026-05-29 19:39:15 | INFO | EDA | Duplicate rows detected: 1
2026-05-29 19:39:15 | INFO | EDA | Basic sanity check for numeric columns
2026-05-29 19:39:15 | DEBUG | EDA | 
       total_bill         tip        size
count  244.000000  244.000000  244.000000
mean    19.785943    2.998279    2.569672
std      8.902412    1.383638    0.951100
min      3.070000    1.000000    1.000000
25%     13.347500    2.000000    2.000000
50%     17.795000    2.900000    2.000000
75%     24.127500    3.562500    3.000000
max     50.810000   10.000000    6.000000
2026-05-29 19:39:15 | INFO | EDA | Section 5: Create a cleaned view for EDA
2026-05-29 19:39:15 | INFO | EDA | Creating cleaned view for EDA (dropping rows with key missing values + duplicates)
2026-05-29 19:39:15 | INFO | EDA | Cleaned view shape: 243 rows, 7 columns
2026-05-29 19:39:15 | INFO | EDA | Section 5b: Add derived features
2026-05-29 19:39:15 | INFO | EDA | Derived field added: spending_category
2026-05-29 19:39:15 | INFO | EDA | Derived field added: bill_vs_day_avg
2026-05-29 19:39:15 | INFO | EDA | Section 6: Compute descriptive statistics for numeric columns
2026-05-29 19:39:15 | INFO | EDA | Computing overall descriptive statistics
2026-05-29 19:39:15 | DEBUG | EDA | 
                 count       mean       std       min        25%      50%        75%        max
total_bill       243.0  19.813868  8.910071  3.070000  13.380000  17.8100  24.175000  50.810000
tip              243.0   3.002387  1.385002  1.000000   2.000000   2.9200   3.575000  10.000000
size             243.0   2.572016  0.952356  1.000000   2.000000   2.0000   3.000000   6.000000
bill_vs_day_avg  243.0   1.000000  0.442742  0.150186   0.696287   0.8998   1.192655   2.485644
2026-05-29 19:39:15 | INFO | EDA | Computing descriptive statistics by day
2026-05-29 19:39:15 | DEBUG | EDA | 
     total_bill                                     tip                                   size                      \
          count       mean       std   min    max count      mean       std   min    max count      mean       std   
day                                                                                                                  
Thur         61  17.759508  7.928225  7.51  43.11    61  2.784098  1.246478  1.25   6.70    61  2.459016  1.073526   
Fri          19  17.151579  8.302660  5.75  40.17    19  2.734737  1.019577  1.00   4.73    19  2.105263  0.567131   
Sat          87  20.441379  9.480419  3.07  50.81    87  2.993103  1.631014  1.00  10.00    87  2.517241  0.819275   
Sun          76  21.410000  8.832122  7.25  48.17    76  3.255132  1.234880  1.01   6.50    76  2.842105  1.007341   

             bill_vs_day_avg                                     
     min max           count mean       std       min       max  
day                                                              
Thur   1   6              61  1.0  0.446421  0.422872  2.427432  
Fri    1   4              19  1.0  0.484076  0.335246  2.342058  
Sat    1   5              87  1.0  0.463786  0.150186  2.485644  
Sun    2   6              76  1.0  0.412523  0.338627  2.249883  
2026-05-29 19:39:15 | INFO | EDA | Section 7: Show correlation matrix for numeric columns
2026-05-29 19:39:15 | INFO | EDA | Computing correlation matrix for numeric columns
2026-05-29 19:39:15 | DEBUG | EDA | 
                 total_bill       tip      size  bill_vs_day_avg
total_bill         1.000000  0.674998  0.597589         0.980556
tip                0.674998  1.000000  0.488400         0.666384
size               0.597589  0.488400  1.000000         0.578922
bill_vs_day_avg    0.980556  0.666384  0.578922         1.000000
2026-05-29 19:39:15 | INFO | EDA | Section 8: Make plots
2026-05-29 19:39:15 | INFO | EDA | Creating scatter plot: total bill vs tip, colored by day
2026-05-29 19:39:16 | INFO | EDA | Saved scatter plot to artifacts\scatter_total_bill_vs_tip.png
2026-05-29 19:39:20 | INFO | EDA | Creating box plot: total bill by day
2026-05-29 19:39:20 | INFO | EDA | Saved box plot to artifacts\box_total_bill_by_day.png
2026-05-29 19:39:25 | INFO | EDA | EDA workflow complete
2026-05-29 19:39:25 | INFO | EDA | IMPORTANT: This script creates chart windows.
2026-05-29 19:39:25 | INFO | EDA | Close any chart windows and terminate this process with CTRL+c as needed.
